!Summary output from CE1
CE1#show run | section interface
interface Loopback0
 ip address 172.16.0.2 255.255.255.255
interface FastEthernet0/0
 no ip address
 shutdown
 duplex full
interface GigabitEthernet1/0
 description Link_to_ISP-1-1
 ip address 10.0.0.2 255.255.255.252
 negotiation auto
interface GigabitEthernet2/0
 description Link_to_R1
 ip address 192.168.1.2 255.255.255.252
 ip ospf 1 area 0
 negotiation auto
interface GigabitEthernet3/0
 no ip address
 shutdown
 negotiation auto
interface GigabitEthernet4/0
 no ip address
 shutdown
 negotiation auto
interface GigabitEthernet5/0
 no ip address
 shutdown
 negotiation auto
interface GigabitEthernet6/0
 no ip address
 shutdown
 negotiation auto
CE1#
CE1#show run | s router
router ospf 1
 router-id 172.16.0.2
router bgp 65001
 bgp log-neighbor-changes
 network 10.0.0.0 mask 255.255.255.252
 neighbor 10.0.0.1 remote-as 65000
CE1#
CE1#show ip route
Codes: L - local, C - connected, S - static, R - RIP, M - mobile, B - BGP
       D - EIGRP, EX - EIGRP external, O - OSPF, IA - OSPF inter area
       N1 - OSPF NSSA external type 1, N2 - OSPF NSSA external type 2
       E1 - OSPF external type 1, E2 - OSPF external type 2
       i - IS-IS, su - IS-IS summary, L1 - IS-IS level-1, L2 - IS-IS level-2
       ia - IS-IS inter area, * - candidate default, U - per-user static route
       o - ODR, P - periodic downloaded static route, H - NHRP, l - LISP
       + - replicated route, % - next hop override

Gateway of last resort is not set

      10.0.0.0/8 is variably subnetted, 2 subnets, 2 masks
C        10.0.0.0/30 is directly connected, GigabitEthernet1/0
L        10.0.0.2/32 is directly connected, GigabitEthernet1/0
      172.16.0.0/16 is variably subnetted, 6 subnets, 3 masks
C        172.16.0.2/32 is directly connected, Loopback0
O IA     172.16.10.0/24 [110/2] via 192.168.1.1, 02:01:51, GigabitEthernet2/0
S        172.16.10.0/25 [1/0] via 192.168.1.1
O IA     172.16.11.0/24 [110/2] via 192.168.1.1, 02:01:51, GigabitEthernet2/0
O IA     172.16.22.0/24 [110/2] via 192.168.1.1, 02:01:51, GigabitEthernet2/0
O IA     172.16.33.0/24 [110/2] via 192.168.1.1, 02:01:51, GigabitEthernet2/0
      192.168.1.0/24 is variably subnetted, 2 subnets, 2 masks
C        192.168.1.0/30 is directly connected, GigabitEthernet2/0
L        192.168.1.2/32 is directly connected, GigabitEthernet2/0
CE1#
CE1#show ip ospf neighbor

Neighbor ID     Pri   State           Dead Time   Address         Interface
172.16.0.1        1   FULL/BDR        00:00:31    192.168.1.1     GigabitEthernet2/0
CE1#
CE1#sh ip ospf int br
Interface    PID   Area            IP Address/Mask    Cost  State Nbrs F/C
Gi2/0        1     0               192.168.1.2/30     1     DR    1/1
CE1#
CE1#show ip ospf database

            OSPF Router with ID (172.16.0.2) (Process ID 1)

                Router Link States (Area 0)

Link ID         ADV Router      Age         Seq#       Checksum Link count
172.16.0.1      172.16.0.1      1326        0x80000005 0x00B129 1
172.16.0.2      172.16.0.2      1259        0x80000005 0x00AC2C 1

                Net Link States (Area 0)

Link ID         ADV Router      Age         Seq#       Checksum
192.168.1.2     172.16.0.2      1259        0x80000004 0x009FF2

                Summary Net Link States (Area 0)

Link ID         ADV Router      Age         Seq#       Checksum
172.16.10.0     172.16.0.1      1326        0x80000004 0x0001B3
172.16.11.0     172.16.0.1      1326        0x80000004 0x00F5BD
172.16.22.0     172.16.0.1      1326        0x80000004 0x007C2C
172.16.33.0     172.16.0.1      1326        0x80000004 0x00039A
CE1#
CE1#show ip protocols
*** IP Routing is NSF aware ***

Routing Protocol is "ospf 1"
  Outgoing update filter list for all interfaces is not set
  Incoming update filter list for all interfaces is not set
  Router ID 172.16.0.2
  Number of areas in this router is 1. 1 normal 0 stub 0 nssa
  Maximum path: 4
  Routing for Networks:
  Routing on Interfaces Configured Explicitly (Area 0):
    GigabitEthernet2/0
  Routing Information Sources:
    Gateway         Distance      Last Update
    172.16.0.1           110      02:01:50
  Distance: (default is 110)

Routing Protocol is "bgp 65001"
  Outgoing update filter list for all interfaces is not set
  Incoming update filter list for all interfaces is not set
  IGP synchronization is disabled
  Automatic route summarization is disabled
  Neighbor(s):
    Address          FiltIn FiltOut DistIn DistOut Weight RouteMap
    10.0.0.1
  Maximum path: 1
  Routing Information Sources:
    Gateway         Distance      Last Update
  Distance: external 20 internal 200 local 200

CE1#
CE1#show ip bgp neighbors
BGP neighbor is 10.0.0.1,  remote AS 65000, external link
  BGP version 4, remote router ID 0.0.0.0
  BGP state = Idle
  Neighbor sessions:
    0 active, is not multisession capable (disabled)
    Stateful switchover support enabled: NO
  Default minimum time between advertisement runs is 30 seconds

 For address family: IPv4 Unicast
  BGP table version 2, neighbor version 1/2
  Output queue size : 0
  Index 0, Advertise bit 0
  Slow-peer detection is disabled
  Slow-peer split-update-group dynamic is disabled
                                 Sent       Rcvd
  Prefix activity:               ----       ----
    Prefixes Current:               0          0
    Prefixes Total:                 0          0
    Implicit Withdraw:              0          0
    Explicit Withdraw:              0          0
    Used as bestpath:             n/a          0
    Used as multipath:            n/a          0

                                   Outbound    Inbound
  Local Policy Denied Prefixes:    --------    -------
    Total:                                0          0
  Number of NLRIs in the update sent: max 0, min 0
  Last detected as dynamic slow peer: never
  Dynamic slow peer recovered: never
  Refresh Epoch: 1
  Last Sent Refresh Start-of-rib: never
  Last Sent Refresh End-of-rib: never
  Last Received Refresh Start-of-rib: never
  Last Received Refresh End-of-rib: never
                                       Sent       Rcvd
        Refresh activity:              ----       ----
          Refresh Start-of-RIB          0          0
          Refresh End-of-RIB            0          0

  Address tracking is enabled, the RIB does have a route to 10.0.0.1
  Connections established 0; dropped 0
  Last reset never
  Transport(tcp) path-mtu-discovery is enabled
  Graceful-Restart is disabled
  No active TCP connection

CE1#
CE1#show ip bgp summary
BGP router identifier 172.16.0.2, local AS number 65001
BGP table version is 2, main routing table version 2
1 network entries using 144 bytes of memory
1 path entries using 80 bytes of memory
1/1 BGP path/bestpath attribute entries using 136 bytes of memory
0 BGP route-map cache entries using 0 bytes of memory
0 BGP filter-list cache entries using 0 bytes of memory
BGP using 360 total bytes of memory
BGP activity 1/0 prefixes, 1/0 paths, scan interval 60 secs

Neighbor        V           AS MsgRcvd MsgSent   TblVer  InQ OutQ Up/Down  State/PfxRcd
10.0.0.1        4        65000       0       0        1    0    0 never    Idle
CE1#
CE1#show ip cef
Prefix               Next Hop             Interface
0.0.0.0/0            no route
0.0.0.0/8            drop
0.0.0.0/32           receive
10.0.0.0/30          attached             GigabitEthernet1/0
10.0.0.0/32          receive              GigabitEthernet1/0
10.0.0.1/32          attached             GigabitEthernet1/0
10.0.0.2/32          receive              GigabitEthernet1/0
10.0.0.3/32          receive              GigabitEthernet1/0
127.0.0.0/8          drop
172.16.0.2/32        receive              Loopback0
172.16.10.0/24       192.168.1.1          GigabitEthernet2/0
172.16.10.0/25       192.168.1.1          GigabitEthernet2/0
172.16.11.0/24       192.168.1.1          GigabitEthernet2/0
172.16.22.0/24       192.168.1.1          GigabitEthernet2/0
172.16.33.0/24       192.168.1.1          GigabitEthernet2/0
192.168.1.0/30       attached             GigabitEthernet2/0
192.168.1.0/32       receive              GigabitEthernet2/0
192.168.1.1/32       attached             GigabitEthernet2/0
192.168.1.2/32       receive              GigabitEthernet2/0
192.168.1.3/32       receive              GigabitEthernet2/0
224.0.0.0/4          drop
224.0.0.0/24         receive
240.0.0.0/4          drop
255.255.255.255/32   receive
